=== campaign start Mon Jul 20 17:14:32 UTC 2026 | ppl=all | extra args:  ===
device cuda | fp16 True
surrogate (all-data, diagnostic only) train MAE 5.2 nm
[1/24] mTagBFP2-Crimson: scaffold err 186.6 -> mean 134.7 / best 117.9 nm (diag) | 23 editable | 119s
[2/24] EGFP-TagYFP: scaffold err 17.7 -> mean 52.6 / best 36.6 nm (diag) | 25 editable | 123s
[3/24] mVenus-TagYFP: scaffold err 1.1 -> mean 43.4 / best 36.2 nm (diag) | 26 editable | 125s
[4/24] mCherry-DsRed: scaffold err 34.3 -> mean 79.1 / best 70.7 nm (diag) | 26 editable | 123s
[5/24] mKate2-Crimson: scaffold err 4.2 -> mean 99.7 / best 75.2 nm (diag) | 26 editable | 118s
[6/24] mScarlet-2A-mApple: scaffold err 1.4 -> mean 75.0 / best 67.4 nm (diag) | 26 editable | 117s
[7/24] td-RFP639-mRubyFT: scaffold err 174.7 -> mean 83.9 / best 66.9 nm (diag) | 27 editable | 118s
[8/24] DimVenus-TagYFP: scaffold err 1.0 -> mean 38.4 / best 15.2 nm (diag) | 26 editable | 128s
[9/24] moxDendra2-CGP: scaffold err 12.2 -> mean 16.2 / best 7.6 nm (diag) | 28 editable | 115s
[10/24] PA-GFP-GFPxm16: scaffold err 10.0 -> mean 23.9 / best 5.2 nm (diag) | 24 editable | 127s
[11/24] tdKatushka2-FR-1: scaffold err 8.0 -> mean 71.4 / best 45.6 nm (diag) | 25 editable | 118s
[12/24] DsRed-Express-mNectarine: scaffold err 3.1 -> mean 77.3 / best 65.3 nm (diag) | 26 editable | 111s
[13/24] mEosFP-mc1: scaffold err 35.0 -> mean 48.9 / best 41.9 nm (diag) | 25 editable | 110s
[14/24] rsFusionRed3-eqFP670: scaffold err 52.8 -> mean 130.3 / best 110.8 nm (diag) | 14 editable | 114s
[15/24] GFPxm191uv-Aquamarine: scaffold err 45.1 -> mean 22.9 / best 9.7 nm (diag) | 25 editable | 124s
[16/24] mEosEM-mc1: scaffold err 36.7 -> mean 42.6 / best 37.6 nm (diag) | 26 editable | 112s
[17/24] 10B-TagYFP: scaffold err 3.3 -> mean 38.6 / best 25.5 nm (diag) | 20 editable | 150s
[18/24] mStrawberry-DsRed.T4: scaffold err 16.3 -> mean 73.0 / best 53.8 nm (diag) | 24 editable | 123s
[19/24] deGFP3-AvicFP1: scaffold err 17.4 -> mean 25.5 / best 14.3 nm (diag) | 25 editable | 126s
[20/24] E2-Red/Green-mHoneydew: scaffold err 47.4 -> mean 30.7 / best 25.9 nm (diag) | 26 editable | 112s
[21/24] GFPxm162-Aquamarine: scaffold err 55.9 -> mean 25.0 / best 11.4 nm (diag) | 25 editable | 125s
[22/24] mCerulean2.D3-ShG24: scaffold err 43.8 -> mean 26.2 / best 9.9 nm (diag) | 26 editable | 127s
[23/24] htFuncLib_sf:mid.9-PS-CFP: scaffold err 62.2 -> mean 47.9 / best 35.5 nm (diag) | 26 editable | 138s
[24/24] W1C-GFPxm191uv: scaffold err 37.9 -> mean 30.8 / best 22.2 nm (diag) | 25 editable | 125s
done: 24 pairs designed (144 trajectories) -> /home/ubuntu/spectrum-to-fp-design/design-campaign-conventional/gibbs-sampling/designs | total 2929s
=== campaign done Mon Jul 20 18:03:28 UTC 2026 | rc=0 ===
