=== campaign start Sun Jul 19 01:11:28 UTC 2026 | ppl=all | extra args:  ===
device cuda | fp16 True
surrogate (all-data) train MAE 5.2 nm | oracle val MAE 13.7 nm
Warning: You are sending unauthenticated requests to the HF Hub. Please set a HF_TOKEN to enable higher rate limits and faster downloads.
Loading weights:   0%|          | 0/195 [00:00<?, ?it/s]Loading weights: 100%|██████████| 195/195 [00:00<00:00, 25900.60it/s]
[1/24] mTagBFP2-Crimson: scaffold err 165.5 -> mean 102.2 / best 69.9 nm | 23 editable | 208s
[2/24] EGFP-TagYFP: scaffold err 8.4 -> mean 2.8 / best 1.3 nm | 25 editable | 218s
[3/24] mVenus-TagYFP: scaffold err 4.2 -> mean 5.2 / best 2.3 nm | 26 editable | 222s
[4/24] mCherry-DsRed: scaffold err 34.7 -> mean 9.8 / best 0.9 nm | 26 editable | 215s
[5/24] mKate2-Crimson: scaffold err 16.5 -> mean 16.1 / best 4.0 nm | 26 editable | 208s
[6/24] mScarlet-2A-mApple: scaffold err 2.2 -> mean 8.2 / best 2.0 nm | 26 editable | 208s
[7/24] td-RFP639-mRubyFT: scaffold err 177.4 -> mean 115.6 / best 100.0 nm | 27 editable | 212s
[8/24] DimVenus-TagYFP: scaffold err 2.8 -> mean 4.6 / best 1.3 nm | 26 editable | 220s
[9/24] moxDendra2-CGP: scaffold err 8.5 -> mean 3.7 / best 1.6 nm | 28 editable | 212s
[10/24] PA-GFP-GFPxm16: scaffold err 27.3 -> mean 7.8 / best 6.2 nm | 24 editable | 212s
[11/24] tdKatushka2-FR-1: scaffold err 3.3 -> mean 13.4 / best 9.8 nm | 25 editable | 204s
[12/24] DsRed-Express-mNectarine: scaffold err 7.3 -> mean 26.1 / best 7.1 nm | 26 editable | 199s
[13/24] mEosFP-mc1: scaffold err 35.4 -> mean 31.7 / best 25.8 nm | 25 editable | 195s
[14/24] rsFusionRed3-eqFP670: scaffold err 45.8 -> mean 49.2 / best 41.9 nm | 14 editable | 161s
[15/24] GFPxm191uv-Aquamarine: scaffold err 47.9 -> mean 38.3 / best 5.9 nm | 25 editable | 213s
[16/24] mEosEM-mc1: scaffold err 33.9 -> mean 36.1 / best 28.3 nm | 26 editable | 201s
[17/24] 10B-TagYFP: scaffold err 5.4 -> mean 4.2 / best 1.7 nm | 20 editable | 193s
[18/24] mStrawberry-DsRed.T4: scaffold err 10.2 -> mean 7.9 / best 3.1 nm | 24 editable | 207s
[19/24] deGFP3-AvicFP1: scaffold err 27.0 -> mean 17.4 / best 7.9 nm | 25 editable | 213s
[20/24] E2-Red/Green-mHoneydew: scaffold err 49.3 -> mean 34.1 / best 17.4 nm | 26 editable | 199s
[21/24] GFPxm162-Aquamarine: scaffold err 66.3 -> mean 31.1 / best 18.9 nm | 25 editable | 213s
[22/24] mCerulean2.D3-ShG24: scaffold err 38.6 -> mean 7.2 / best 3.7 nm | 26 editable | 220s
[23/24] htFuncLib_sf:mid.9-PS-CFP: scaffold err 70.1 -> mean 45.5 / best 37.9 nm | 26 editable | 236s
[24/24] W1C-GFPxm191uv: scaffold err 35.5 -> mean 8.2 / best 4.0 nm | 25 editable | 213s
done: 24 pairs designed (144 trajectories) -> /home/ubuntu/spectrum-to-fp-design/design-campaign-conventional/designs | total 5001s
=== campaign done Sun Jul 19 02:34:57 UTC 2026 | rc=0 ===
