=== campaign start Mon Jul 20 22:08:32 UTC 2026 | ppl=endpoints | extra args:  ===
device cuda | fp16 True
surrogate (all-data) train MAE 5.2 nm
[1/24] mTagBFP2-Crimson: scaffold err 186.6 -> mean 9.6 / best 4.2 nm | 23 editable | 148s
[2/24] EGFP-TagYFP: scaffold err 17.7 -> mean 1.3 / best 0.3 nm | 25 editable | 160s
[3/24] mVenus-TagYFP: scaffold err 1.1 -> mean 0.6 / best 0.2 nm | 26 editable | 166s
[4/24] mCherry-DsRed: scaffold err 34.3 -> mean 1.4 / best 0.4 nm | 26 editable | 162s
[5/24] mKate2-Crimson: scaffold err 4.2 -> mean 2.9 / best 0.3 nm | 26 editable | 157s
[6/24] mScarlet-2A-mApple: scaffold err 1.4 -> mean 2.8 / best 0.1 nm | 26 editable | 157s
[7/24] td-RFP639-mRubyFT: scaffold err 174.7 -> mean 13.2 / best 4.0 nm | 27 editable | 161s
[8/24] DimVenus-TagYFP: scaffold err 1.0 -> mean 1.2 / best 0.1 nm | 26 editable | 166s
[9/24] moxDendra2-CGP: scaffold err 12.2 -> mean 3.0 / best 0.5 nm | 28 editable | 162s
[10/24] PA-GFP-GFPxm16: scaffold err 10.0 -> mean 1.5 / best 0.3 nm | 24 editable | 158s
[11/24] tdKatushka2-FR-1: scaffold err 8.0 -> mean 3.7 / best 0.1 nm | 25 editable | 153s
[12/24] DsRed-Express-mNectarine: scaffold err 3.1 -> mean 3.6 / best 1.6 nm | 26 editable | 151s
[13/24] mEosFP-mc1: scaffold err 35.0 -> mean 27.3 / best 25.0 nm | 25 editable | 147s
[14/24] rsFusionRed3-eqFP670: scaffold err 52.8 -> mean 25.4 / best 20.2 nm | 14 editable | 109s
[15/24] GFPxm191uv-Aquamarine: scaffold err 45.1 -> mean 0.9 / best 0.5 nm | 25 editable | 160s
[16/24] mEosEM-mc1: scaffold err 36.7 -> mean 28.6 / best 25.9 nm | 26 editable | 153s
[17/24] 10B-TagYFP: scaffold err 3.3 -> mean 1.6 / best 0.5 nm | 20 editable | 138s
[18/24] mStrawberry-DsRed.T4: scaffold err 16.3 -> mean 1.7 / best 0.4 nm | 24 editable | 150s
[19/24] deGFP3-AvicFP1: scaffold err 17.4 -> mean 1.0 / best 0.2 nm | 25 editable | 155s
[20/24] E2-Red/Green-mHoneydew: scaffold err 47.4 -> mean 18.8 / best 11.9 nm | 26 editable | 151s
[21/24] GFPxm162-Aquamarine: scaffold err 55.9 -> mean 0.8 / best 0.2 nm | 25 editable | 159s
[22/24] mCerulean2.D3-ShG24: scaffold err 43.8 -> mean 0.4 / best 0.2 nm | 26 editable | 165s
[23/24] htFuncLib_sf:mid.9-PS-CFP: scaffold err 62.2 -> mean 3.0 / best 0.1 nm | 26 editable | 177s
[24/24] W1C-GFPxm191uv: scaffold err 37.9 -> mean 2.8 / best 1.4 nm | 25 editable | 160s
done: 24 pairs designed (144 trajectories) -> /home/ubuntu/spectrum-to-fp-design/design-campaign-conventional/guided_design_tierB/designs | total 3724s
=== backfilling intermediate-round ppl Mon Jul 20 23:10:44 UTC 2026 ===
device cuda | fp16 True
surrogate (all-data) train MAE 5.2 nm
backfill: 288 unique sequences need ppl across 24 files
  ppl 288/288 (1369s)
backfill: filled 288 rows from 288 unique seqs -> /home/ubuntu/spectrum-to-fp-design/design-campaign-conventional/guided_design_tierB/designs | 1369s
=== campaign done Mon Jul 20 23:33:40 UTC 2026 | rc=0 ===
